// Jest Snapshot v1, https://goo.gl/fbAQLP

exports[`Categories Component should match snapshot 1`] = `
<div>
  <h1>
    Scorecard
  </h1>
  <div
    id="accordion"
  >
    <div
      className="card"
    >
      <div
        className="card-header"
        id="heading-0"
      >
        <h5
          className="mb-0 d-flex justify-content-between align-items-center"
        >
          <button
            aria-controls="collapse-0"
            aria-expanded="false"
            className="btn btn-link collapsed"
            data-target="#collapse-0"
            data-toggle="collapse"
          >
            Test Name
          </button>
          <div
            className="justify-content-end"
          >
            <span
              className="badge badge-success badge-pill"
            >
              Active
            </span>
            <a
              className="btn btn-sm btn-primary ml-4"
              href="/categories/1"
            >
              Edit
            </a>
          </div>
        </h5>
      </div>
      <div
        aria-labelledby="heading-0"
        className="collapse"
        data-parent="#accordion"
        id="collapse-0"
      >
        <div
          className="card-body"
        >
          <ul>
            <li>
              Test Item
            </li>
          </ul>
        </div>
      </div>
    </div>
  </div>
  <hr
    className="pb-0"
  />
  <div
    className="d-flex align-items-end justify-content-end"
  >
    <a
      className="btn btn-primary"
      href="/categories/new"
      title="Create new category"
    >
      Create
    </a>
  </div>
</div>
`;
