// Jest Snapshot v1, https://goo.gl/fbAQLP

exports[`State Grade Component should match snapshot 1`] = `
<div
  className="btn btn-success"
>
  A
</div>
`;
